  Determining projects to restore...
  All projects are up-to-date for restore.
  Inventory.Domain -> h:\Khaled2\Alyarmouk-Inventory-Manager\src\Inventory.Domain\bin\Debug\net9.0\Inventory.Domain.dll
h:\Khaled2\Alyarmouk-Inventory-Manager\src\Inventory.Application\DTOs\AuditLogResponseDto.cs(12,19): warning CS8618: Non-nullable property 'Action' must contain a non-null value when exiting constructor. Consider adding the 'required' modifier or declaring the property as nullable. [h:\Khaled2\Alyarmouk-Inventory-Manager\src\Inventory.Application\Inventory.Application.csproj]
  Inventory.Application -> h:\Khaled2\Alyarmouk-Inventory-Manager\src\Inventory.Application\bin\Debug\net9.0\Inventory.Application.dll
h:\Khaled2\Alyarmouk-Inventory-Manager\src\Inventory.Infrastructure\Services\PurchaseOrderServices.cs(13,7): warning CS0105: The using directive for 'Inventory.Application.DTOs.PurchaseOrder' appeared previously in this namespace [h:\Khaled2\Alyarmouk-Inventory-Manager\src\Inventory.Infrastructure\Inventory.Infrastructure.csproj]
h:\Khaled2\Alyarmouk-Inventory-Manager\src\Inventory.Infrastructure\Services\StockSnapshotServices.cs(115,46): warning CS8602: Dereference of a possibly null reference. [h:\Khaled2\Alyarmouk-Inventory-Manager\src\Inventory.Infrastructure\Inventory.Infrastructure.csproj]
h:\Khaled2\Alyarmouk-Inventory-Manager\src\Inventory.Infrastructure\Services\PurchaseOrderServices.cs(141,21): error CS0117: 'PurchaseOrder' does not contain a definition for 'DueDate' [h:\Khaled2\Alyarmouk-Inventory-Manager\src\Inventory.Infrastructure\Inventory.Infrastructure.csproj]
h:\Khaled2\Alyarmouk-Inventory-Manager\src\Inventory.Infrastructure\Services\PurchaseOrderServices.cs(142,21): error CS0117: 'PurchaseOrder' does not contain a definition for 'PaymentMethod' [h:\Khaled2\Alyarmouk-Inventory-Manager\src\Inventory.Infrastructure\Inventory.Infrastructure.csproj]
h:\Khaled2\Alyarmouk-Inventory-Manager\src\Inventory.Infrastructure\Services\PurchaseOrderServices.cs(143,21): error CS0117: 'PurchaseOrder' does not contain a definition for 'CheckReceived' [h:\Khaled2\Alyarmouk-Inventory-Manager\src\Inventory.Infrastructure\Inventory.Infrastructure.csproj]
h:\Khaled2\Alyarmouk-Inventory-Manager\src\Inventory.Infrastructure\Services\PurchaseOrderServices.cs(144,21): error CS0117: 'PurchaseOrder' does not contain a definition for 'CheckReceivedDate' [h:\Khaled2\Alyarmouk-Inventory-Manager\src\Inventory.Infrastructure\Inventory.Infrastructure.csproj]
h:\Khaled2\Alyarmouk-Inventory-Manager\src\Inventory.Infrastructure\Services\PurchaseOrderServices.cs(145,21): error CS0117: 'PurchaseOrder' does not contain a definition for 'CheckCashed' [h:\Khaled2\Alyarmouk-Inventory-Manager\src\Inventory.Infrastructure\Inventory.Infrastructure.csproj]
h:\Khaled2\Alyarmouk-Inventory-Manager\src\Inventory.Infrastructure\Services\PurchaseOrderServices.cs(146,21): error CS0117: 'PurchaseOrder' does not contain a definition for 'CheckCashedDate' [h:\Khaled2\Alyarmouk-Inventory-Manager\src\Inventory.Infrastructure\Inventory.Infrastructure.csproj]
h:\Khaled2\Alyarmouk-Inventory-Manager\src\Inventory.Infrastructure\Services\PurchaseOrderServices.cs(147,21): error CS0117: 'PurchaseOrder' does not contain a definition for 'TransferId' [h:\Khaled2\Alyarmouk-Inventory-Manager\src\Inventory.Infrastructure\Inventory.Infrastructure.csproj]
h:\Khaled2\Alyarmouk-Inventory-Manager\src\Inventory.Infrastructure\Services\PurchaseOrderServices.cs(426,23): error CS1061: 'PurchaseOrder' does not contain a definition for 'PaymentMethod' and no accessible extension method 'PaymentMethod' accepting a first argument of type 'PurchaseOrder' could be found (are you missing a using directive or an assembly reference?) [h:\Khaled2\Alyarmouk-Inventory-Manager\src\Inventory.Infrastructure\Inventory.Infrastructure.csproj]
h:\Khaled2\Alyarmouk-Inventory-Manager\src\Inventory.Infrastructure\Services\PurchaseOrderServices.cs(428,23): error CS1061: 'PurchaseOrder' does not contain a definition for 'CheckReceived' and no accessible extension method 'CheckReceived' accepting a first argument of type 'PurchaseOrder' could be found (are you missing a using directive or an assembly reference?) [h:\Khaled2\Alyarmouk-Inventory-Manager\src\Inventory.Infrastructure\Inventory.Infrastructure.csproj]
h:\Khaled2\Alyarmouk-Inventory-Manager\src\Inventory.Infrastructure\Services\PurchaseOrderServices.cs(429,23): error CS1061: 'PurchaseOrder' does not contain a definition for 'CheckReceivedDate' and no accessible extension method 'CheckReceivedDate' accepting a first argument of type 'PurchaseOrder' could be found (are you missing a using directive or an assembly reference?) [h:\Khaled2\Alyarmouk-Inventory-Manager\src\Inventory.Infrastructure\Inventory.Infrastructure.csproj]
h:\Khaled2\Alyarmouk-Inventory-Manager\src\Inventory.Infrastructure\Services\PurchaseOrderServices.cs(430,23): error CS1061: 'PurchaseOrder' does not contain a definition for 'CheckCashed' and no accessible extension method 'CheckCashed' accepting a first argument of type 'PurchaseOrder' could be found (are you missing a using directive or an assembly reference?) [h:\Khaled2\Alyarmouk-Inventory-Manager\src\Inventory.Infrastructure\Inventory.Infrastructure.csproj]
h:\Khaled2\Alyarmouk-Inventory-Manager\src\Inventory.Infrastructure\Services\PurchaseOrderServices.cs(431,23): error CS1061: 'PurchaseOrder' does not contain a definition for 'CheckCashedDate' and no accessible extension method 'CheckCashedDate' accepting a first argument of type 'PurchaseOrder' could be found (are you missing a using directive or an assembly reference?) [h:\Khaled2\Alyarmouk-Inventory-Manager\src\Inventory.Infrastructure\Inventory.Infrastructure.csproj]
h:\Khaled2\Alyarmouk-Inventory-Manager\src\Inventory.Infrastructure\Services\PurchaseOrderServices.cs(432,23): error CS1061: 'PurchaseOrder' does not contain a definition for 'TransferId' and no accessible extension method 'TransferId' accepting a first argument of type 'PurchaseOrder' could be found (are you missing a using directive or an assembly reference?) [h:\Khaled2\Alyarmouk-Inventory-Manager\src\Inventory.Infrastructure\Inventory.Infrastructure.csproj]
h:\Khaled2\Alyarmouk-Inventory-Manager\src\Inventory.Infrastructure\Services\PurchaseOrderServices.cs(435,19): error CS1061: 'PurchaseOrder' does not contain a definition for 'PaymentMethod' and no accessible extension method 'PaymentMethod' accepting a first argument of type 'PurchaseOrder' could be found (are you missing a using directive or an assembly reference?) [h:\Khaled2\Alyarmouk-Inventory-Manager\src\Inventory.Infrastructure\Inventory.Infrastructure.csproj]
h:\Khaled2\Alyarmouk-Inventory-Manager\src\Inventory.Infrastructure\Services\PurchaseOrderServices.cs(437,19): error CS1061: 'PurchaseOrder' does not contain a definition for 'CheckReceived' and no accessible extension method 'CheckReceived' accepting a first argument of type 'PurchaseOrder' could be found (are you missing a using directive or an assembly reference?) [h:\Khaled2\Alyarmouk-Inventory-Manager\src\Inventory.Infrastructure\Inventory.Infrastructure.csproj]
h:\Khaled2\Alyarmouk-Inventory-Manager\src\Inventory.Infrastructure\Services\PurchaseOrderServices.cs(438,19): error CS1061: 'PurchaseOrder' does not contain a definition for 'CheckReceivedDate' and no accessible extension method 'CheckReceivedDate' accepting a first argument of type 'PurchaseOrder' could be found (are you missing a using directive or an assembly reference?) [h:\Khaled2\Alyarmouk-Inventory-Manager\src\Inventory.Infrastructure\Inventory.Infrastructure.csproj]
h:\Khaled2\Alyarmouk-Inventory-Manager\src\Inventory.Infrastructure\Services\PurchaseOrderServices.cs(439,19): error CS1061: 'PurchaseOrder' does not contain a definition for 'CheckCashed' and no accessible extension method 'CheckCashed' accepting a first argument of type 'PurchaseOrder' could be found (are you missing a using directive or an assembly reference?) [h:\Khaled2\Alyarmouk-Inventory-Manager\src\Inventory.Infrastructure\Inventory.Infrastructure.csproj]
h:\Khaled2\Alyarmouk-Inventory-Manager\src\Inventory.Infrastructure\Services\PurchaseOrderServices.cs(440,19): error CS1061: 'PurchaseOrder' does not contain a definition for 'CheckCashedDate' and no accessible extension method 'CheckCashedDate' accepting a first argument of type 'PurchaseOrder' could be found (are you missing a using directive or an assembly reference?) [h:\Khaled2\Alyarmouk-Inventory-Manager\src\Inventory.Infrastructure\Inventory.Infrastructure.csproj]
h:\Khaled2\Alyarmouk-Inventory-Manager\src\Inventory.Infrastructure\Services\PurchaseOrderServices.cs(441,19): error CS1061: 'PurchaseOrder' does not contain a definition for 'TransferId' and no accessible extension method 'TransferId' accepting a first argument of type 'PurchaseOrder' could be found (are you missing a using directive or an assembly reference?) [h:\Khaled2\Alyarmouk-Inventory-Manager\src\Inventory.Infrastructure\Inventory.Infrastructure.csproj]
h:\Khaled2\Alyarmouk-Inventory-Manager\src\Inventory.Infrastructure\Services\PurchaseOrderServices.cs(447,23): error CS1061: 'PurchaseOrder' does not contain a definition for 'PaymentMethod' and no accessible extension method 'PaymentMethod' accepting a first argument of type 'PurchaseOrder' could be found (are you missing a using directive or an assembly reference?) [h:\Khaled2\Alyarmouk-Inventory-Manager\src\Inventory.Infrastructure\Inventory.Infrastructure.csproj]
h:\Khaled2\Alyarmouk-Inventory-Manager\src\Inventory.Infrastructure\Services\PurchaseOrderServices.cs(449,23): error CS1061: 'PurchaseOrder' does not contain a definition for 'CheckReceived' and no accessible extension method 'CheckReceived' accepting a first argument of type 'PurchaseOrder' could be found (are you missing a using directive or an assembly reference?) [h:\Khaled2\Alyarmouk-Inventory-Manager\src\Inventory.Infrastructure\Inventory.Infrastructure.csproj]
h:\Khaled2\Alyarmouk-Inventory-Manager\src\Inventory.Infrastructure\Services\PurchaseOrderServices.cs(450,23): error CS1061: 'PurchaseOrder' does not contain a definition for 'CheckReceivedDate' and no accessible extension method 'CheckReceivedDate' accepting a first argument of type 'PurchaseOrder' could be found (are you missing a using directive or an assembly reference?) [h:\Khaled2\Alyarmouk-Inventory-Manager\src\Inventory.Infrastructure\Inventory.Infrastructure.csproj]
h:\Khaled2\Alyarmouk-Inventory-Manager\src\Inventory.Infrastructure\Services\PurchaseOrderServices.cs(451,23): error CS1061: 'PurchaseOrder' does not contain a definition for 'CheckCashed' and no accessible extension method 'CheckCashed' accepting a first argument of type 'PurchaseOrder' could be found (are you missing a using directive or an assembly reference?) [h:\Khaled2\Alyarmouk-Inventory-Manager\src\Inventory.Infrastructure\Inventory.Infrastructure.csproj]
h:\Khaled2\Alyarmouk-Inventory-Manager\src\Inventory.Infrastructure\Services\PurchaseOrderServices.cs(452,23): error CS1061: 'PurchaseOrder' does not contain a definition for 'CheckCashedDate' and no accessible extension method 'CheckCashedDate' accepting a first argument of type 'PurchaseOrder' could be found (are you missing a using directive or an assembly reference?) [h:\Khaled2\Alyarmouk-Inventory-Manager\src\Inventory.Infrastructure\Inventory.Infrastructure.csproj]
h:\Khaled2\Alyarmouk-Inventory-Manager\src\Inventory.Infrastructure\Services\PurchaseOrderServices.cs(453,23): error CS1061: 'PurchaseOrder' does not contain a definition for 'TransferId' and no accessible extension method 'TransferId' accepting a first argument of type 'PurchaseOrder' could be found (are you missing a using directive or an assembly reference?) [h:\Khaled2\Alyarmouk-Inventory-Manager\src\Inventory.Infrastructure\Inventory.Infrastructure.csproj]
h:\Khaled2\Alyarmouk-Inventory-Manager\src\Inventory.Infrastructure\Services\PurchaseOrderServices.cs(523,19): error CS1061: 'PurchaseOrder' does not contain a definition for 'DueDate' and no accessible extension method 'DueDate' accepting a first argument of type 'PurchaseOrder' could be found (are you missing a using directive or an assembly reference?) [h:\Khaled2\Alyarmouk-Inventory-Manager\src\Inventory.Infrastructure\Inventory.Infrastructure.csproj]
h:\Khaled2\Alyarmouk-Inventory-Manager\src\Inventory.Infrastructure\Services\PurchaseOrderServices.cs(525,19): error CS1061: 'PurchaseOrder' does not contain a definition for 'PaymentMethod' and no accessible extension method 'PaymentMethod' accepting a first argument of type 'PurchaseOrder' could be found (are you missing a using directive or an assembly reference?) [h:\Khaled2\Alyarmouk-Inventory-Manager\src\Inventory.Infrastructure\Inventory.Infrastructure.csproj]
h:\Khaled2\Alyarmouk-Inventory-Manager\src\Inventory.Infrastructure\Services\PurchaseOrderServices.cs(527,19): error CS1061: 'PurchaseOrder' does not contain a definition for 'CheckReceived' and no accessible extension method 'CheckReceived' accepting a first argument of type 'PurchaseOrder' could be found (are you missing a using directive or an assembly reference?) [h:\Khaled2\Alyarmouk-Inventory-Manager\src\Inventory.Infrastructure\Inventory.Infrastructure.csproj]
h:\Khaled2\Alyarmouk-Inventory-Manager\src\Inventory.Infrastructure\Services\PurchaseOrderServices.cs(528,19): error CS1061: 'PurchaseOrder' does not contain a definition for 'CheckReceivedDate' and no accessible extension method 'CheckReceivedDate' accepting a first argument of type 'PurchaseOrder' could be found (are you missing a using directive or an assembly reference?) [h:\Khaled2\Alyarmouk-Inventory-Manager\src\Inventory.Infrastructure\Inventory.Infrastructure.csproj]
h:\Khaled2\Alyarmouk-Inventory-Manager\src\Inventory.Infrastructure\Services\PurchaseOrderServices.cs(529,19): error CS1061: 'PurchaseOrder' does not contain a definition for 'CheckCashed' and no accessible extension method 'CheckCashed' accepting a first argument of type 'PurchaseOrder' could be found (are you missing a using directive or an assembly reference?) [h:\Khaled2\Alyarmouk-Inventory-Manager\src\Inventory.Infrastructure\Inventory.Infrastructure.csproj]
h:\Khaled2\Alyarmouk-Inventory-Manager\src\Inventory.Infrastructure\Services\PurchaseOrderServices.cs(530,19): error CS1061: 'PurchaseOrder' does not contain a definition for 'CheckCashedDate' and no accessible extension method 'CheckCashedDate' accepting a first argument of type 'PurchaseOrder' could be found (are you missing a using directive or an assembly reference?) [h:\Khaled2\Alyarmouk-Inventory-Manager\src\Inventory.Infrastructure\Inventory.Infrastructure.csproj]
h:\Khaled2\Alyarmouk-Inventory-Manager\src\Inventory.Infrastructure\Services\PurchaseOrderServices.cs(531,19): error CS1061: 'PurchaseOrder' does not contain a definition for 'TransferId' and no accessible extension method 'TransferId' accepting a first argument of type 'PurchaseOrder' could be found (are you missing a using directive or an assembly reference?) [h:\Khaled2\Alyarmouk-Inventory-Manager\src\Inventory.Infrastructure\Inventory.Infrastructure.csproj]

Build FAILED.

h:\Khaled2\Alyarmouk-Inventory-Manager\src\Inventory.Application\DTOs\AuditLogResponseDto.cs(12,19): warning CS8618: Non-nullable property 'Action' must contain a non-null value when exiting constructor. Consider adding the 'required' modifier or declaring the property as nullable. [h:\Khaled2\Alyarmouk-Inventory-Manager\src\Inventory.Application\Inventory.Application.csproj]
h:\Khaled2\Alyarmouk-Inventory-Manager\src\Inventory.Infrastructure\Services\PurchaseOrderServices.cs(13,7): warning CS0105: The using directive for 'Inventory.Application.DTOs.PurchaseOrder' appeared previously in this namespace [h:\Khaled2\Alyarmouk-Inventory-Manager\src\Inventory.Infrastructure\Inventory.Infrastructure.csproj]
h:\Khaled2\Alyarmouk-Inventory-Manager\src\Inventory.Infrastructure\Services\StockSnapshotServices.cs(115,46): warning CS8602: Dereference of a possibly null reference. [h:\Khaled2\Alyarmouk-Inventory-Manager\src\Inventory.Infrastructure\Inventory.Infrastructure.csproj]
h:\Khaled2\Alyarmouk-Inventory-Manager\src\Inventory.Infrastructure\Services\PurchaseOrderServices.cs(141,21): error CS0117: 'PurchaseOrder' does not contain a definition for 'DueDate' [h:\Khaled2\Alyarmouk-Inventory-Manager\src\Inventory.Infrastructure\Inventory.Infrastructure.csproj]
h:\Khaled2\Alyarmouk-Inventory-Manager\src\Inventory.Infrastructure\Services\PurchaseOrderServices.cs(142,21): error CS0117: 'PurchaseOrder' does not contain a definition for 'PaymentMethod' [h:\Khaled2\Alyarmouk-Inventory-Manager\src\Inventory.Infrastructure\Inventory.Infrastructure.csproj]
h:\Khaled2\Alyarmouk-Inventory-Manager\src\Inventory.Infrastructure\Services\PurchaseOrderServices.cs(143,21): error CS0117: 'PurchaseOrder' does not contain a definition for 'CheckReceived' [h:\Khaled2\Alyarmouk-Inventory-Manager\src\Inventory.Infrastructure\Inventory.Infrastructure.csproj]
h:\Khaled2\Alyarmouk-Inventory-Manager\src\Inventory.Infrastructure\Services\PurchaseOrderServices.cs(144,21): error CS0117: 'PurchaseOrder' does not contain a definition for 'CheckReceivedDate' [h:\Khaled2\Alyarmouk-Inventory-Manager\src\Inventory.Infrastructure\Inventory.Infrastructure.csproj]
h:\Khaled2\Alyarmouk-Inventory-Manager\src\Inventory.Infrastructure\Services\PurchaseOrderServices.cs(145,21): error CS0117: 'PurchaseOrder' does not contain a definition for 'CheckCashed' [h:\Khaled2\Alyarmouk-Inventory-Manager\src\Inventory.Infrastructure\Inventory.Infrastructure.csproj]
h:\Khaled2\Alyarmouk-Inventory-Manager\src\Inventory.Infrastructure\Services\PurchaseOrderServices.cs(146,21): error CS0117: 'PurchaseOrder' does not contain a definition for 'CheckCashedDate' [h:\Khaled2\Alyarmouk-Inventory-Manager\src\Inventory.Infrastructure\Inventory.Infrastructure.csproj]
h:\Khaled2\Alyarmouk-Inventory-Manager\src\Inventory.Infrastructure\Services\PurchaseOrderServices.cs(147,21): error CS0117: 'PurchaseOrder' does not contain a definition for 'TransferId' [h:\Khaled2\Alyarmouk-Inventory-Manager\src\Inventory.Infrastructure\Inventory.Infrastructure.csproj]
h:\Khaled2\Alyarmouk-Inventory-Manager\src\Inventory.Infrastructure\Services\PurchaseOrderServices.cs(426,23): error CS1061: 'PurchaseOrder' does not contain a definition for 'PaymentMethod' and no accessible extension method 'PaymentMethod' accepting a first argument of type 'PurchaseOrder' could be found (are you missing a using directive or an assembly reference?) [h:\Khaled2\Alyarmouk-Inventory-Manager\src\Inventory.Infrastructure\Inventory.Infrastructure.csproj]
h:\Khaled2\Alyarmouk-Inventory-Manager\src\Inventory.Infrastructure\Services\PurchaseOrderServices.cs(428,23): error CS1061: 'PurchaseOrder' does not contain a definition for 'CheckReceived' and no accessible extension method 'CheckReceived' accepting a first argument of type 'PurchaseOrder' could be found (are you missing a using directive or an assembly reference?) [h:\Khaled2\Alyarmouk-Inventory-Manager\src\Inventory.Infrastructure\Inventory.Infrastructure.csproj]
h:\Khaled2\Alyarmouk-Inventory-Manager\src\Inventory.Infrastructure\Services\PurchaseOrderServices.cs(429,23): error CS1061: 'PurchaseOrder' does not contain a definition for 'CheckReceivedDate' and no accessible extension method 'CheckReceivedDate' accepting a first argument of type 'PurchaseOrder' could be found (are you missing a using directive or an assembly reference?) [h:\Khaled2\Alyarmouk-Inventory-Manager\src\Inventory.Infrastructure\Inventory.Infrastructure.csproj]
h:\Khaled2\Alyarmouk-Inventory-Manager\src\Inventory.Infrastructure\Services\PurchaseOrderServices.cs(430,23): error CS1061: 'PurchaseOrder' does not contain a definition for 'CheckCashed' and no accessible extension method 'CheckCashed' accepting a first argument of type 'PurchaseOrder' could be found (are you missing a using directive or an assembly reference?) [h:\Khaled2\Alyarmouk-Inventory-Manager\src\Inventory.Infrastructure\Inventory.Infrastructure.csproj]
h:\Khaled2\Alyarmouk-Inventory-Manager\src\Inventory.Infrastructure\Services\PurchaseOrderServices.cs(431,23): error CS1061: 'PurchaseOrder' does not contain a definition for 'CheckCashedDate' and no accessible extension method 'CheckCashedDate' accepting a first argument of type 'PurchaseOrder' could be found (are you missing a using directive or an assembly reference?) [h:\Khaled2\Alyarmouk-Inventory-Manager\src\Inventory.Infrastructure\Inventory.Infrastructure.csproj]
h:\Khaled2\Alyarmouk-Inventory-Manager\src\Inventory.Infrastructure\Services\PurchaseOrderServices.cs(432,23): error CS1061: 'PurchaseOrder' does not contain a definition for 'TransferId' and no accessible extension method 'TransferId' accepting a first argument of type 'PurchaseOrder' could be found (are you missing a using directive or an assembly reference?) [h:\Khaled2\Alyarmouk-Inventory-Manager\src\Inventory.Infrastructure\Inventory.Infrastructure.csproj]
h:\Khaled2\Alyarmouk-Inventory-Manager\src\Inventory.Infrastructure\Services\PurchaseOrderServices.cs(435,19): error CS1061: 'PurchaseOrder' does not contain a definition for 'PaymentMethod' and no accessible extension method 'PaymentMethod' accepting a first argument of type 'PurchaseOrder' could be found (are you missing a using directive or an assembly reference?) [h:\Khaled2\Alyarmouk-Inventory-Manager\src\Inventory.Infrastructure\Inventory.Infrastructure.csproj]
h:\Khaled2\Alyarmouk-Inventory-Manager\src\Inventory.Infrastructure\Services\PurchaseOrderServices.cs(437,19): error CS1061: 'PurchaseOrder' does not contain a definition for 'CheckReceived' and no accessible extension method 'CheckReceived' accepting a first argument of type 'PurchaseOrder' could be found (are you missing a using directive or an assembly reference?) [h:\Khaled2\Alyarmouk-Inventory-Manager\src\Inventory.Infrastructure\Inventory.Infrastructure.csproj]
h:\Khaled2\Alyarmouk-Inventory-Manager\src\Inventory.Infrastructure\Services\PurchaseOrderServices.cs(438,19): error CS1061: 'PurchaseOrder' does not contain a definition for 'CheckReceivedDate' and no accessible extension method 'CheckReceivedDate' accepting a first argument of type 'PurchaseOrder' could be found (are you missing a using directive or an assembly reference?) [h:\Khaled2\Alyarmouk-Inventory-Manager\src\Inventory.Infrastructure\Inventory.Infrastructure.csproj]
h:\Khaled2\Alyarmouk-Inventory-Manager\src\Inventory.Infrastructure\Services\PurchaseOrderServices.cs(439,19): error CS1061: 'PurchaseOrder' does not contain a definition for 'CheckCashed' and no accessible extension method 'CheckCashed' accepting a first argument of type 'PurchaseOrder' could be found (are you missing a using directive or an assembly reference?) [h:\Khaled2\Alyarmouk-Inventory-Manager\src\Inventory.Infrastructure\Inventory.Infrastructure.csproj]
h:\Khaled2\Alyarmouk-Inventory-Manager\src\Inventory.Infrastructure\Services\PurchaseOrderServices.cs(440,19): error CS1061: 'PurchaseOrder' does not contain a definition for 'CheckCashedDate' and no accessible extension method 'CheckCashedDate' accepting a first argument of type 'PurchaseOrder' could be found (are you missing a using directive or an assembly reference?) [h:\Khaled2\Alyarmouk-Inventory-Manager\src\Inventory.Infrastructure\Inventory.Infrastructure.csproj]
h:\Khaled2\Alyarmouk-Inventory-Manager\src\Inventory.Infrastructure\Services\PurchaseOrderServices.cs(441,19): error CS1061: 'PurchaseOrder' does not contain a definition for 'TransferId' and no accessible extension method 'TransferId' accepting a first argument of type 'PurchaseOrder' could be found (are you missing a using directive or an assembly reference?) [h:\Khaled2\Alyarmouk-Inventory-Manager\src\Inventory.Infrastructure\Inventory.Infrastructure.csproj]
h:\Khaled2\Alyarmouk-Inventory-Manager\src\Inventory.Infrastructure\Services\PurchaseOrderServices.cs(447,23): error CS1061: 'PurchaseOrder' does not contain a definition for 'PaymentMethod' and no accessible extension method 'PaymentMethod' accepting a first argument of type 'PurchaseOrder' could be found (are you missing a using directive or an assembly reference?) [h:\Khaled2\Alyarmouk-Inventory-Manager\src\Inventory.Infrastructure\Inventory.Infrastructure.csproj]
h:\Khaled2\Alyarmouk-Inventory-Manager\src\Inventory.Infrastructure\Services\PurchaseOrderServices.cs(449,23): error CS1061: 'PurchaseOrder' does not contain a definition for 'CheckReceived' and no accessible extension method 'CheckReceived' accepting a first argument of type 'PurchaseOrder' could be found (are you missing a using directive or an assembly reference?) [h:\Khaled2\Alyarmouk-Inventory-Manager\src\Inventory.Infrastructure\Inventory.Infrastructure.csproj]
h:\Khaled2\Alyarmouk-Inventory-Manager\src\Inventory.Infrastructure\Services\PurchaseOrderServices.cs(450,23): error CS1061: 'PurchaseOrder' does not contain a definition for 'CheckReceivedDate' and no accessible extension method 'CheckReceivedDate' accepting a first argument of type 'PurchaseOrder' could be found (are you missing a using directive or an assembly reference?) [h:\Khaled2\Alyarmouk-Inventory-Manager\src\Inventory.Infrastructure\Inventory.Infrastructure.csproj]
h:\Khaled2\Alyarmouk-Inventory-Manager\src\Inventory.Infrastructure\Services\PurchaseOrderServices.cs(451,23): error CS1061: 'PurchaseOrder' does not contain a definition for 'CheckCashed' and no accessible extension method 'CheckCashed' accepting a first argument of type 'PurchaseOrder' could be found (are you missing a using directive or an assembly reference?) [h:\Khaled2\Alyarmouk-Inventory-Manager\src\Inventory.Infrastructure\Inventory.Infrastructure.csproj]
h:\Khaled2\Alyarmouk-Inventory-Manager\src\Inventory.Infrastructure\Services\PurchaseOrderServices.cs(452,23): error CS1061: 'PurchaseOrder' does not contain a definition for 'CheckCashedDate' and no accessible extension method 'CheckCashedDate' accepting a first argument of type 'PurchaseOrder' could be found (are you missing a using directive or an assembly reference?) [h:\Khaled2\Alyarmouk-Inventory-Manager\src\Inventory.Infrastructure\Inventory.Infrastructure.csproj]
h:\Khaled2\Alyarmouk-Inventory-Manager\src\Inventory.Infrastructure\Services\PurchaseOrderServices.cs(453,23): error CS1061: 'PurchaseOrder' does not contain a definition for 'TransferId' and no accessible extension method 'TransferId' accepting a first argument of type 'PurchaseOrder' could be found (are you missing a using directive or an assembly reference?) [h:\Khaled2\Alyarmouk-Inventory-Manager\src\Inventory.Infrastructure\Inventory.Infrastructure.csproj]
h:\Khaled2\Alyarmouk-Inventory-Manager\src\Inventory.Infrastructure\Services\PurchaseOrderServices.cs(523,19): error CS1061: 'PurchaseOrder' does not contain a definition for 'DueDate' and no accessible extension method 'DueDate' accepting a first argument of type 'PurchaseOrder' could be found (are you missing a using directive or an assembly reference?) [h:\Khaled2\Alyarmouk-Inventory-Manager\src\Inventory.Infrastructure\Inventory.Infrastructure.csproj]
h:\Khaled2\Alyarmouk-Inventory-Manager\src\Inventory.Infrastructure\Services\PurchaseOrderServices.cs(525,19): error CS1061: 'PurchaseOrder' does not contain a definition for 'PaymentMethod' and no accessible extension method 'PaymentMethod' accepting a first argument of type 'PurchaseOrder' could be found (are you missing a using directive or an assembly reference?) [h:\Khaled2\Alyarmouk-Inventory-Manager\src\Inventory.Infrastructure\Inventory.Infrastructure.csproj]
h:\Khaled2\Alyarmouk-Inventory-Manager\src\Inventory.Infrastructure\Services\PurchaseOrderServices.cs(527,19): error CS1061: 'PurchaseOrder' does not contain a definition for 'CheckReceived' and no accessible extension method 'CheckReceived' accepting a first argument of type 'PurchaseOrder' could be found (are you missing a using directive or an assembly reference?) [h:\Khaled2\Alyarmouk-Inventory-Manager\src\Inventory.Infrastructure\Inventory.Infrastructure.csproj]
h:\Khaled2\Alyarmouk-Inventory-Manager\src\Inventory.Infrastructure\Services\PurchaseOrderServices.cs(528,19): error CS1061: 'PurchaseOrder' does not contain a definition for 'CheckReceivedDate' and no accessible extension method 'CheckReceivedDate' accepting a first argument of type 'PurchaseOrder' could be found (are you missing a using directive or an assembly reference?) [h:\Khaled2\Alyarmouk-Inventory-Manager\src\Inventory.Infrastructure\Inventory.Infrastructure.csproj]
h:\Khaled2\Alyarmouk-Inventory-Manager\src\Inventory.Infrastructure\Services\PurchaseOrderServices.cs(529,19): error CS1061: 'PurchaseOrder' does not contain a definition for 'CheckCashed' and no accessible extension method 'CheckCashed' accepting a first argument of type 'PurchaseOrder' could be found (are you missing a using directive or an assembly reference?) [h:\Khaled2\Alyarmouk-Inventory-Manager\src\Inventory.Infrastructure\Inventory.Infrastructure.csproj]
h:\Khaled2\Alyarmouk-Inventory-Manager\src\Inventory.Infrastructure\Services\PurchaseOrderServices.cs(530,19): error CS1061: 'PurchaseOrder' does not contain a definition for 'CheckCashedDate' and no accessible extension method 'CheckCashedDate' accepting a first argument of type 'PurchaseOrder' could be found (are you missing a using directive or an assembly reference?) [h:\Khaled2\Alyarmouk-Inventory-Manager\src\Inventory.Infrastructure\Inventory.Infrastructure.csproj]
h:\Khaled2\Alyarmouk-Inventory-Manager\src\Inventory.Infrastructure\Services\PurchaseOrderServices.cs(531,19): error CS1061: 'PurchaseOrder' does not contain a definition for 'TransferId' and no accessible extension method 'TransferId' accepting a first argument of type 'PurchaseOrder' could be found (are you missing a using directive or an assembly reference?) [h:\Khaled2\Alyarmouk-Inventory-Manager\src\Inventory.Infrastructure\Inventory.Infrastructure.csproj]
    3 Warning(s)
    32 Error(s)

Time Elapsed 00:00:01.90
