Build started 2/2/2026 6:01:42 PM.
     1>Project "H:\Khaled2\Alyarmouk-Inventory-Manager\tests\Inventory.UnitTests\Inventory.UnitTests.csproj" on node 1 (Restore target(s)).
     1>_GetAllRestoreProjectPathItems:
         Determining projects to restore...
       Restore:
         X.509 certificate chain validation will use the default trust store selected by .NET for code signing.
         X.509 certificate chain validation will use the default trust store selected by .NET for timestamping.
         Assets file has not changed. Skipping assets file writing. Path: H:\Khaled2\Alyarmouk-Inventory-Manager\src\Inventory.Domain\obj\project.assets.json
         Assets file has not changed. Skipping assets file writing. Path: H:\Khaled2\Alyarmouk-Inventory-Manager\src\Inventory.Application\obj\project.assets.json
         Assets file has not changed. Skipping assets file writing. Path: H:\Khaled2\Alyarmouk-Inventory-Manager\src\Inventory.Infrastructure\obj\project.assets.json
         Assets file has not changed. Skipping assets file writing. Path: H:\Khaled2\Alyarmouk-Inventory-Manager\tests\Inventory.UnitTests\obj\project.assets.json
         Restored H:\Khaled2\Alyarmouk-Inventory-Manager\src\Inventory.Infrastructure\Inventory.Infrastructure.csproj (in 33 ms).
         Restored H:\Khaled2\Alyarmouk-Inventory-Manager\src\Inventory.Domain\Inventory.Domain.csproj (in 31 ms).
         Restored H:\Khaled2\Alyarmouk-Inventory-Manager\src\Inventory.Application\Inventory.Application.csproj (in 31 ms).
         Restored H:\Khaled2\Alyarmouk-Inventory-Manager\tests\Inventory.UnitTests\Inventory.UnitTests.csproj (in 33 ms).
         
         NuGet Config files used:
             C:\Users\CM\AppData\Roaming\NuGet\NuGet.Config
             C:\Program Files (x86)\NuGet\Config\Microsoft.VisualStudio.FallbackLocation.config
             C:\Program Files (x86)\NuGet\Config\Microsoft.VisualStudio.Offline.config
         
         Feeds used:
             https://api.nuget.org/v3/index.json
             C:\Program Files (x86)\Microsoft SDKs\NuGetPackages\
         All projects are up-to-date for restore.
     1>Done Building Project "H:\Khaled2\Alyarmouk-Inventory-Manager\tests\Inventory.UnitTests\Inventory.UnitTests.csproj" (Restore target(s)).
   1:7>Project "H:\Khaled2\Alyarmouk-Inventory-Manager\tests\Inventory.UnitTests\Inventory.UnitTests.csproj" on node 2 (VSTest target(s)).
     1>BuildProject:
         Build started, please wait...
   1:7>Project "H:\Khaled2\Alyarmouk-Inventory-Manager\tests\Inventory.UnitTests\Inventory.UnitTests.csproj" (1:7) is building "H:\Khaled2\Alyarmouk-Inventory-Manager\tests\Inventory.UnitTests\Inventory.UnitTests.csproj" (1:8) on node 2 (default targets).
   1:8>Project "H:\Khaled2\Alyarmouk-Inventory-Manager\tests\Inventory.UnitTests\Inventory.UnitTests.csproj" (1:8) is building "H:\Khaled2\Alyarmouk-Inventory-Manager\src\Inventory.Domain\Inventory.Domain.csproj" (2:8) on node 3 (default targets).
     2>GenerateTargetFrameworkMonikerAttribute:
       Skipping target "GenerateTargetFrameworkMonikerAttribute" because all output files are up-to-date with respect to the input files.
       CoreGenerateAssemblyInfo:
       Skipping target "CoreGenerateAssemblyInfo" because all output files are up-to-date with respect to the input files.
       _GenerateSourceLinkFile:
         Source Link file 'obj\Debug\net9.0\Inventory.Domain.sourcelink.json' is up-to-date.
       CoreCompile:
       Skipping target "CoreCompile" because all output files are up-to-date with respect to the input files.
       GenerateBuildDependencyFile:
       Skipping target "GenerateBuildDependencyFile" because all output files are up-to-date with respect to the input files.
       CopyFilesToOutputDirectory:
         Inventory.Domain -> H:\Khaled2\Alyarmouk-Inventory-Manager\src\Inventory.Domain\bin\Debug\net9.0\Inventory.Domain.dll
     2>Done Building Project "H:\Khaled2\Alyarmouk-Inventory-Manager\src\Inventory.Domain\Inventory.Domain.csproj" (default targets).
   1:8>Project "H:\Khaled2\Alyarmouk-Inventory-Manager\tests\Inventory.UnitTests\Inventory.UnitTests.csproj" (1:8) is building "H:\Khaled2\Alyarmouk-Inventory-Manager\src\Inventory.Application\Inventory.Application.csproj" (3:7) on node 2 (default targets).
     3>GenerateTargetFrameworkMonikerAttribute:
       Skipping target "GenerateTargetFrameworkMonikerAttribute" because all output files are up-to-date with respect to the input files.
       CoreGenerateAssemblyInfo:
       Skipping target "CoreGenerateAssemblyInfo" because all output files are up-to-date with respect to the input files.
       _GenerateSourceLinkFile:
         Source Link file 'obj\Debug\net9.0\Inventory.Application.sourcelink.json' is up-to-date.
       CoreCompile:
       Skipping target "CoreCompile" because all output files are up-to-date with respect to the input files.
       GenerateBuildDependencyFile:
       Skipping target "GenerateBuildDependencyFile" because all output files are up-to-date with respect to the input files.
       CopyFilesToOutputDirectory:
         Inventory.Application -> H:\Khaled2\Alyarmouk-Inventory-Manager\src\Inventory.Application\bin\Debug\net9.0\Inventory.Application.dll
     3>Done Building Project "H:\Khaled2\Alyarmouk-Inventory-Manager\src\Inventory.Application\Inventory.Application.csproj" (default targets).
   1:8>Project "H:\Khaled2\Alyarmouk-Inventory-Manager\tests\Inventory.UnitTests\Inventory.UnitTests.csproj" (1:8) is building "H:\Khaled2\Alyarmouk-Inventory-Manager\src\Inventory.Infrastructure\Inventory.Infrastructure.csproj" (4:6) on node 1 (default targets).
     4>GenerateTargetFrameworkMonikerAttribute:
       Skipping target "GenerateTargetFrameworkMonikerAttribute" because all output files are up-to-date with respect to the input files.
       CoreGenerateAssemblyInfo:
       Skipping target "CoreGenerateAssemblyInfo" because all output files are up-to-date with respect to the input files.
       _GenerateSourceLinkFile:
         Source Link file 'obj\Debug\net9.0\Inventory.Infrastructure.sourcelink.json' is up-to-date.
       CoreCompile:
       Skipping target "CoreCompile" because all output files are up-to-date with respect to the input files.
       GenerateBuildDependencyFile:
       Skipping target "GenerateBuildDependencyFile" because all output files are up-to-date with respect to the input files.
       GenerateBuildRuntimeConfigurationFiles:
       Skipping target "GenerateBuildRuntimeConfigurationFiles" because all output files are up-to-date with respect to the input files.
       CopyFilesToOutputDirectory:
         Inventory.Infrastructure -> H:\Khaled2\Alyarmouk-Inventory-Manager\src\Inventory.Infrastructure\bin\Debug\net9.0\Inventory.Infrastructure.dll
     4>Done Building Project "H:\Khaled2\Alyarmouk-Inventory-Manager\src\Inventory.Infrastructure\Inventory.Infrastructure.csproj" (default targets).
     1>GenerateTargetFrameworkMonikerAttribute:
       Skipping target "GenerateTargetFrameworkMonikerAttribute" because all output files are up-to-date with respect to the input files.
       CoreGenerateAssemblyInfo:
       Skipping target "CoreGenerateAssemblyInfo" because all output files are up-to-date with respect to the input files.
       _GenerateSourceLinkFile:
         Source Link file 'obj\Debug\net9.0\Inventory.UnitTests.sourcelink.json' is up-to-date.
       CoreCompile:
       Skipping target "CoreCompile" because all output files are up-to-date with respect to the input files.
       _CopyOutOfDateSourceItemsToOutputDirectory:
       Skipping target "_CopyOutOfDateSourceItemsToOutputDirectory" because all output files are up-to-date with respect to the input files.
       GenerateBuildDependencyFile:
       Skipping target "GenerateBuildDependencyFile" because all output files are up-to-date with respect to the input files.
       GenerateBuildRuntimeConfigurationFiles:
       Skipping target "GenerateBuildRuntimeConfigurationFiles" because all output files are up-to-date with respect to the input files.
       CopyFilesToOutputDirectory:
         Inventory.UnitTests -> H:\Khaled2\Alyarmouk-Inventory-Manager\tests\Inventory.UnitTests\bin\Debug\net9.0\Inventory.UnitTests.dll
     1>Done Building Project "H:\Khaled2\Alyarmouk-Inventory-Manager\tests\Inventory.UnitTests\Inventory.UnitTests.csproj" (default targets).
     1>BuildProject:
         Build completed.
         
Test run for H:\Khaled2\Alyarmouk-Inventory-Manager\tests\Inventory.UnitTests\bin\Debug\net9.0\Inventory.UnitTests.dll (.NETCoreApp,Version=v9.0)
VSTest version 17.12.0 (x64)

Starting test execution, please wait...
A total of 1 test files matched the specified pattern.
[xUnit.net 00:00:00.00] xUnit.net VSTest Adapter v2.8.2+699d445a1a (64-bit .NET 9.0.2)
[xUnit.net 00:00:00.10]   Discovering: Inventory.UnitTests
[xUnit.net 00:00:00.13]   Discovered:  Inventory.UnitTests
[xUnit.net 00:00:00.13]   Starting:    Inventory.UnitTests
[xUnit.net 00:00:01.27]       Assert.Throws() Failure: No exception was thrown
[xUnit.net 00:00:01.28]       Expected: typeof(Inventory.Infrastructure.Services.ValidationException)
[xUnit.net 00:00:01.28]       Stack Trace:
[xUnit.net 00:00:01.28]         H:\Khaled2\Alyarmouk-Inventory-Manager\tests\Inventory.UnitTests\RefundTests.cs(164,0): at Inventory.UnitTests.RefundTests.RefundSalesOrder_OverRefund_ThrowsException()
[xUnit.net 00:00:01.28]         --- End of stack trace from previous location ---
[xUnit.net 00:00:01.28]   Finished:    Inventory.UnitTests
  Failed Inventory.UnitTests.RefundTests.RefundSalesOrder_OverRefund_ThrowsException [1 s]
  Error Message:
   Assert.Throws() Failure: No exception was thrown
Expected: typeof(Inventory.Infrastructure.Services.ValidationException)
  Stack Trace:
     at Inventory.UnitTests.RefundTests.RefundSalesOrder_OverRefund_ThrowsException() in H:\Khaled2\Alyarmouk-Inventory-Manager\tests\Inventory.UnitTests\RefundTests.cs:line 164
--- End of stack trace from previous location ---

Total tests: 1
     Failed: 1
 Total time: 1.8411 Seconds
       _VSTestConsole:
         MSB4181: The "VSTestTask" task returned false but did not log an error.
     1>Done Building Project "H:\Khaled2\Alyarmouk-Inventory-Manager\tests\Inventory.UnitTests\Inventory.UnitTests.csproj" (VSTest target(s)) -- FAILED.

Build FAILED.
    0 Warning(s)
    0 Error(s)

Time Elapsed 00:00:04.39
